  gl_viewport.cpp
D:\GITHUB\pnipucpp\2c-4sem\cgcommon\gl_viewport.cpp(7,36): warning C4477: "sprintf_s": в строке форматирования "%s" требуется аргумент типа "char *", но вариативный аргумент "1" имеет тип "DWORD"
D:\GITHUB\pnipucpp\2c-4sem\cgcommon\gl_viewport.cpp(7,36): warning C4473: "sprintf_s": передано недостаточно аргументов для строки формата
      D:\GITHUB\pnipucpp\2c-4sem\cgcommon\gl_viewport.cpp(7,36):
      заполнители и их параметры ожидают переменное число аргументов в количестве 3, но было предоставлено 2
      D:\GITHUB\pnipucpp\2c-4sem\cgcommon\gl_viewport.cpp(7,36):
      отсутствующий вариативный аргумент "3" требуется для строки форматирования "%x"
  
  trackball.cc
  gl_exts.cpp
  main.cpp
D:\GITHUB\pnipucpp\2c-4sem\lab2cg\main.cpp(653,18): warning C4244: инициализация: преобразование "double" в "float", возможна потеря данных
D:\GITHUB\pnipucpp\2c-4sem\lab2cg\main.cpp(881,20): warning C4101: bonename: неиспользованная локальная переменная
  model.cpp
D:\GITHUB\pnipucpp\2c-4sem\lab2cg\model.cpp(123,15): warning C4101: ni: неиспользованная локальная переменная
D:\GITHUB\pnipucpp\2c-4sem\lab2cg\model.cpp(125,10): warning C4101: vn: неиспользованная локальная переменная
  win32_controls.cpp
  Создание кода
  0 of 2296 functions ( 0.0%) were compiled, the rest were copied from previous compilation.
    0 functions were new in current compilation
    0 functions had inline decision re-evaluated but remain unchanged
  Создание кода завершено
  lab2cg.vcxproj -> D:\GITHUB\pnipucpp\Release\lab2cg_k.exe
