  builtin_models.cpp
  main.cpp
D:\GITHUB\pnipucpp\2c-4sem\cgcommon\euler_camera.h(117,15): warning C4244: инициализация: преобразование "LONG" в "float", возможна потеря данных
  (компиляция исходного файла "main.cpp")
  
D:\GITHUB\pnipucpp\2c-4sem\cgcommon\euler_camera.h(118,15): warning C4244: инициализация: преобразование "LONG" в "float", возможна потеря данных
  (компиляция исходного файла "main.cpp")
  
D:\GITHUB\pnipucpp\2c-4sem\cgcommon\euler_camera.h(139,22): warning C4244: аргумент: преобразование "double" в "float", возможна потеря данных
  (компиляция исходного файла "main.cpp")
  
D:\GITHUB\pnipucpp\2c-4sem\cgcommon\euler_camera.h(139,43): warning C4244: аргумент: преобразование "double" в "float", возможна потеря данных
  (компиляция исходного файла "main.cpp")
  
D:\GITHUB\pnipucpp\2c-4sem\cgcommon\euler_camera.h(140,24): warning C4244: аргумент: преобразование "double" в "float", возможна потеря данных
  (компиляция исходного файла "main.cpp")
  
D:\GITHUB\pnipucpp\2c-4sem\cgcommon\euler_camera.h(141,23): warning C4244: аргумент: преобразование "double" в "float", возможна потеря данных
  (компиляция исходного файла "main.cpp")
  
D:\GITHUB\pnipucpp\2c-4sem\cgcommon\euler_camera.h(141,44): warning C4244: аргумент: преобразование "double" в "float", возможна потеря данных
  (компиляция исходного файла "main.cpp")
  
  Создание кода
  Previous IPDB not found, fall back to full compilation.
  All 61 functions were compiled because no usable IPDB/IOBJ from previous compilation was found.
  Создание кода завершено
  lab3cg_k.vcxproj -> D:\GITHUB\pnipucpp\Release\lab3cg_k.exe
